#-----------------------------------------------------------
# Webtalk v2017.1 (64-bit)
# SW Build 1846317 on Fri Apr 14 18:55:03 MDT 2017
# IP Build 1846188 on Fri Apr 14 20:52:08 MDT 2017
# Start of session at: Sun Jul  2 13:22:02 2017
# Process ID: 6332
# Current directory: D:/VivadoProjects/Homework4_DanielBenusovich/Homework4_DanielBenusovich.sim/sim_FSM_State/behav
# Command line: wbtcv.exe -mode batch -source D:/VivadoProjects/Homework4_DanielBenusovich/Homework4_DanielBenusovich.sim/sim_FSM_State/behav/xsim.dir/FSM_STATE_tb_behav/webtalk/xsim_webtalk.tcl -notrace
# Log file: D:/VivadoProjects/Homework4_DanielBenusovich/Homework4_DanielBenusovich.sim/sim_FSM_State/behav/webtalk.log
# Journal file: D:/VivadoProjects/Homework4_DanielBenusovich/Homework4_DanielBenusovich.sim/sim_FSM_State/behav\webtalk.jou
#-----------------------------------------------------------
source D:/VivadoProjects/Homework4_DanielBenusovich/Homework4_DanielBenusovich.sim/sim_FSM_State/behav/xsim.dir/FSM_STATE_tb_behav/webtalk/xsim_webtalk.tcl -notrace
